{
  "name": "parsee1053",
  "passward": "test",
  "role": "admin"
}
