{
  "name": "parsee1053",
  "password": "test",
  "role": "admin"
}
