{
  "user_name": "parsee1053",
  "passward": "test"
}
