{
  "user_name": "parsee1053",
  "password": "test"
}
